// Jest Snapshot v1, https://goo.gl/fbAQLP

exports[`Counter should show join button 1`] = `
<div
  data-testid="component-root"
>
  <div>
    <div
      class="row"
    >
      <button
        aria-label="Decrement value"
        class="button"
      >
        -
      </button>
      <span
        class="value"
      >
        3
      </span>
      <button
        aria-label="Increment value"
        class="button"
      >
        +
      </button>
    </div>
    <div
      class="row"
    >
      <input
        aria-label="Set increment amount"
        class="textbox"
        value="2"
      />
      <button
        class="button"
      >
        Add Amount
      </button>
      <button
        class="asyncButton"
      >
        Add Async
      </button>
      <button
        class="button"
      >
        Add If Odd
      </button>
    </div>
  </div>
</div>
`;
